
> scrape:be5
> tsx week-5/BE/src/index.ts

◇ injected env (5) from week-5/BE/.env // tip: ⌘ multiple files { path: ['.env.local', '.env'] }
[crawl] robots present: false | no robots.txt served (404/empty) — RFC default: permissive, still throttled
[crawl] UA: PoliteScraper/1.0 (week-5 BE assignment; contact: jamaludin@example.com)
[crawl] delay ms: 1500 | limit: 50
[crawl] db: /home/nodesemesta/dev/Flyrank-intern/week-5/BE/books.db
[crawl] jsonl: /home/nodesemesta/dev/Flyrank-intern/week-5/BE/data/books.jsonl
[polite] GET 200 / (delay enforced)
[polite] GET 200 /catalogue/page-2.html (delay enforced)
[polite] GET 200 /catalogue/page-3.html (delay enforced)
[crawl] collected 50 unique listing cards
[polite] GET 200 /catalogue/a-light-in-the-attic_1000/index.html (delay enforced)
[polite] GET 200 /catalogue/tipping-the-velvet_999/index.html (delay enforced)
[polite] GET 200 /catalogue/soumission_998/index.html (delay enforced)
[polite] GET 200 /catalogue/sharp-objects_997/index.html (delay enforced)
[polite] GET 200 /catalogue/sapiens-a-brief-history-of-humankind_996/index.html (delay enforced)
[polite] GET 200 /catalogue/the-requiem-red_995/index.html (delay enforced)
[polite] GET 200 /catalogue/the-dirty-little-secrets-of-getting-your-dream-job_994/index.html (delay enforced)
[polite] GET 200 /catalogue/the-coming-woman-a-novel-based-on-the-life-of-the-infamous-feminist-victoria-woodhull_993/index.html (delay enforced)
[polite] GET 200 /catalogue/the-boys-in-the-boat-nine-americans-and-their-epic-quest-for-gold-at-the-1936-berlin-olympics_992/index.html (delay enforced)
[polite] GET 200 /catalogue/the-black-maria_991/index.html (delay enforced)
[polite] GET 200 /catalogue/starving-hearts-triangular-trade-trilogy-1_990/index.html (delay enforced)
[polite] GET 200 /catalogue/shakespeares-sonnets_989/index.html (delay enforced)
[polite] GET 200 /catalogue/set-me-free_988/index.html (delay enforced)
[polite] GET 200 /catalogue/scott-pilgrims-precious-little-life-scott-pilgrim-1_987/index.html (delay enforced)
[polite] GET 200 /catalogue/rip-it-up-and-start-again_986/index.html (delay enforced)
[polite] GET 200 /catalogue/our-band-could-be-your-life-scenes-from-the-american-indie-underground-1981-1991_985/index.html (delay enforced)
[polite] GET 200 /catalogue/olio_984/index.html (delay enforced)
[polite] GET 200 /catalogue/mesaerion-the-best-science-fiction-stories-1800-1849_983/index.html (delay enforced)
[polite] GET 200 /catalogue/libertarianism-for-beginners_982/index.html (delay enforced)
[polite] GET 200 /catalogue/its-only-the-himalayas_981/index.html (delay enforced)
[polite] GET 200 /catalogue/in-her-wake_980/index.html (delay enforced)
[polite] GET 200 /catalogue/how-music-works_979/index.html (delay enforced)
[polite] GET 200 /catalogue/foolproof-preserving-a-guide-to-small-batch-jams-jellies-pickles-condiments-and-more-a-foolproof-guide-to-making-small-batch-jams-jellies-pickles-condiments-and-more_978/index.html (delay enforced)
[polite] GET 200 /catalogue/chase-me-paris-nights-2_977/index.html (delay enforced)
[polite] GET 200 /catalogue/black-dust_976/index.html (delay enforced)
[crawl] 25/50 saved
[polite] GET 200 /catalogue/birdsong-a-story-in-pictures_975/index.html (delay enforced)
[polite] GET 200 /catalogue/americas-cradle-of-quarterbacks-western-pennsylvanias-football-factory-from-johnny-unitas-to-joe-montana_974/index.html (delay enforced)
[polite] GET 200 /catalogue/aladdin-and-his-wonderful-lamp_973/index.html (delay enforced)
[polite] GET 200 /catalogue/worlds-elsewhere-journeys-around-shakespeares-globe_972/index.html (delay enforced)
[polite] GET 200 /catalogue/wall-and-piece_971/index.html (delay enforced)
[polite] GET 200 /catalogue/the-four-agreements-a-practical-guide-to-personal-freedom_970/index.html (delay enforced)
[polite] GET 200 /catalogue/the-five-love-languages-how-to-express-heartfelt-commitment-to-your-mate_969/index.html (delay enforced)
[polite] GET 200 /catalogue/the-elephant-tree_968/index.html (delay enforced)
[polite] GET 200 /catalogue/the-bear-and-the-piano_967/index.html (delay enforced)
[polite] GET 200 /catalogue/sophies-world_966/index.html (delay enforced)
[polite] GET 200 /catalogue/penny-maybe_965/index.html (delay enforced)
[polite] GET 200 /catalogue/maude-1883-1993she-grew-up-with-the-country_964/index.html (delay enforced)
[polite] GET 200 /catalogue/in-a-dark-dark-wood_963/index.html (delay enforced)
[polite] GET 200 /catalogue/behind-closed-doors_962/index.html (delay enforced)
[polite] GET 200 /catalogue/you-cant-bury-them-all-poems_961/index.html (delay enforced)
[polite] GET 200 /catalogue/slow-states-of-collapse-poems_960/index.html (delay enforced)
[polite] GET 200 /catalogue/reasons-to-stay-alive_959/index.html (delay enforced)
[polite] GET 200 /catalogue/private-paris-private-10_958/index.html (delay enforced)
[polite] GET 200 /catalogue/higherselfie-wake-up-your-life-free-your-soul-find-your-tribe_957/index.html (delay enforced)
[polite] GET 200 /catalogue/without-borders-wanderlove-1_956/index.html (delay enforced)
[polite] GET 200 /catalogue/when-we-collided_955/index.html (delay enforced)
[polite] GET 200 /catalogue/we-love-you-charlie-freeman_954/index.html (delay enforced)
[polite] GET 200 /catalogue/untitled-collection-sabbath-poems-2014_953/index.html (delay enforced)
[polite] GET 200 /catalogue/unseen-city-the-majesty-of-pigeons-the-discreet-charm-of-snails-other-wonders-of-the-urban-wilderness_952/index.html (delay enforced)
[polite] GET 200 /catalogue/unicorn-tracks_951/index.html (delay enforced)
[crawl] 50/50 saved
[done] saved=50 skipped=0 rows_in_db=50
[done] jsonl corpus -> /home/nodesemesta/dev/Flyrank-intern/week-5/BE/data/books.jsonl
